<?xml version="1.0" encoding="UTF-8"?>
<testsuites>
  <testsuite name="" tests="27" assertions="29" errors="0" failures="0" skipped="0" time="0.013014">
    <testsuite name="unit" tests="26" assertions="28" errors="0" failures="0" skipped="0" time="0.010036">
      <testsuite name="Widi\JsonEncode\Cache\ArrayCacheTest" file="C:\Users\dirk.winkhaus\PhpstormProjects\widi-jsonencode\test\unit\Cache\ArrayCacheTest.php" tests="2" assertions="4" errors="0" failures="0" skipped="0" time="0.006980">
        <testcase name="itShouldTestCachedMethods" class="Widi\JsonEncode\Cache\ArrayCacheTest" classname="Widi.JsonEncode.Cache.ArrayCacheTest" file="C:\Users\dirk.winkhaus\PhpstormProjects\widi-jsonencode\test\unit\Cache\ArrayCacheTest.php" line="15" assertions="2" time="0.006840"/>
        <testcase name="itShouldTestCachedProperties" class="Widi\JsonEncode\Cache\ArrayCacheTest" classname="Widi.JsonEncode.Cache.ArrayCacheTest" file="C:\Users\dirk.winkhaus\PhpstormProjects\widi-jsonencode\test\unit\Cache\ArrayCacheTest.php" line="27" assertions="2" time="0.000140"/>
      </testsuite>
      <testsuite name="Widi\JsonEncode\Filter\GetIsHasMethodFilterTest" file="C:\Users\dirk.winkhaus\PhpstormProjects\widi-jsonencode\test\unit\Filter\GetIsHasMethodFilterTest.php" tests="24" assertions="24" errors="0" failures="0" skipped="0" time="0.003056">
        <testsuite name="Widi\JsonEncode\Filter\GetIsHasMethodFilterTest::itShouldFilterGetAndIsMethods" tests="12" assertions="12" errors="0" failures="0" skipped="0" time="0.001691">
          <testcase name="itShouldFilterGetAndIsMethods with data set #0" class="Widi\JsonEncode\Filter\GetIsHasMethodFilterTest" classname="Widi.JsonEncode.Filter.GetIsHasMethodFilterTest" file="C:\Users\dirk.winkhaus\PhpstormProjects\widi-jsonencode\test\unit\Filter\GetIsHasMethodFilterTest.php" line="14" assertions="1" time="0.000718"/>
          <testcase name="itShouldFilterGetAndIsMethods with data set #1" class="Widi\JsonEncode\Filter\GetIsHasMethodFilterTest" classname="Widi.JsonEncode.Filter.GetIsHasMethodFilterTest" file="C:\Users\dirk.winkhaus\PhpstormProjects\widi-jsonencode\test\unit\Filter\GetIsHasMethodFilterTest.php" line="14" assertions="1" time="0.000086"/>
          <testcase name="itShouldFilterGetAndIsMethods with data set #2" class="Widi\JsonEncode\Filter\GetIsHasMethodFilterTest" classname="Widi.JsonEncode.Filter.GetIsHasMethodFilterTest" file="C:\Users\dirk.winkhaus\PhpstormProjects\widi-jsonencode\test\unit\Filter\GetIsHasMethodFilterTest.php" line="14" assertions="1" time="0.000086"/>
          <testcase name="itShouldFilterGetAndIsMethods with data set #3" class="Widi\JsonEncode\Filter\GetIsHasMethodFilterTest" classname="Widi.JsonEncode.Filter.GetIsHasMethodFilterTest" file="C:\Users\dirk.winkhaus\PhpstormProjects\widi-jsonencode\test\unit\Filter\GetIsHasMethodFilterTest.php" line="14" assertions="1" time="0.000083"/>
          <testcase name="itShouldFilterGetAndIsMethods with data set #4" class="Widi\JsonEncode\Filter\GetIsHasMethodFilterTest" classname="Widi.JsonEncode.Filter.GetIsHasMethodFilterTest" file="C:\Users\dirk.winkhaus\PhpstormProjects\widi-jsonencode\test\unit\Filter\GetIsHasMethodFilterTest.php" line="14" assertions="1" time="0.000105"/>
          <testcase name="itShouldFilterGetAndIsMethods with data set #5" class="Widi\JsonEncode\Filter\GetIsHasMethodFilterTest" classname="Widi.JsonEncode.Filter.GetIsHasMethodFilterTest" file="C:\Users\dirk.winkhaus\PhpstormProjects\widi-jsonencode\test\unit\Filter\GetIsHasMethodFilterTest.php" line="14" assertions="1" time="0.000080"/>
          <testcase name="itShouldFilterGetAndIsMethods with data set #6" class="Widi\JsonEncode\Filter\GetIsHasMethodFilterTest" classname="Widi.JsonEncode.Filter.GetIsHasMethodFilterTest" file="C:\Users\dirk.winkhaus\PhpstormProjects\widi-jsonencode\test\unit\Filter\GetIsHasMethodFilterTest.php" line="14" assertions="1" time="0.000080"/>
          <testcase name="itShouldFilterGetAndIsMethods with data set #7" class="Widi\JsonEncode\Filter\GetIsHasMethodFilterTest" classname="Widi.JsonEncode.Filter.GetIsHasMethodFilterTest" file="C:\Users\dirk.winkhaus\PhpstormProjects\widi-jsonencode\test\unit\Filter\GetIsHasMethodFilterTest.php" line="14" assertions="1" time="0.000097"/>
          <testcase name="itShouldFilterGetAndIsMethods with data set #8" class="Widi\JsonEncode\Filter\GetIsHasMethodFilterTest" classname="Widi.JsonEncode.Filter.GetIsHasMethodFilterTest" file="C:\Users\dirk.winkhaus\PhpstormProjects\widi-jsonencode\test\unit\Filter\GetIsHasMethodFilterTest.php" line="14" assertions="1" time="0.000087"/>
          <testcase name="itShouldFilterGetAndIsMethods with data set #9" class="Widi\JsonEncode\Filter\GetIsHasMethodFilterTest" classname="Widi.JsonEncode.Filter.GetIsHasMethodFilterTest" file="C:\Users\dirk.winkhaus\PhpstormProjects\widi-jsonencode\test\unit\Filter\GetIsHasMethodFilterTest.php" line="14" assertions="1" time="0.000088"/>
          <testcase name="itShouldFilterGetAndIsMethods with data set #10" class="Widi\JsonEncode\Filter\GetIsHasMethodFilterTest" classname="Widi.JsonEncode.Filter.GetIsHasMethodFilterTest" file="C:\Users\dirk.winkhaus\PhpstormProjects\widi-jsonencode\test\unit\Filter\GetIsHasMethodFilterTest.php" line="14" assertions="1" time="0.000095"/>
          <testcase name="itShouldFilterGetAndIsMethods with data set #11" class="Widi\JsonEncode\Filter\GetIsHasMethodFilterTest" classname="Widi.JsonEncode.Filter.GetIsHasMethodFilterTest" file="C:\Users\dirk.winkhaus\PhpstormProjects\widi-jsonencode\test\unit\Filter\GetIsHasMethodFilterTest.php" line="14" assertions="1" time="0.000086"/>
        </testsuite>
        <testsuite name="Widi\JsonEncode\Filter\GetIsHasMethodFilterTest::itShouldExtractPropertyName" tests="12" assertions="12" errors="0" failures="0" skipped="0" time="0.001365">
          <testcase name="itShouldExtractPropertyName with data set #0" class="Widi\JsonEncode\Filter\GetIsHasMethodFilterTest" classname="Widi.JsonEncode.Filter.GetIsHasMethodFilterTest" file="C:\Users\dirk.winkhaus\PhpstormProjects\widi-jsonencode\test\unit\Filter\GetIsHasMethodFilterTest.php" line="45" assertions="1" time="0.000190"/>
          <testcase name="itShouldExtractPropertyName with data set #1" class="Widi\JsonEncode\Filter\GetIsHasMethodFilterTest" classname="Widi.JsonEncode.Filter.GetIsHasMethodFilterTest" file="C:\Users\dirk.winkhaus\PhpstormProjects\widi-jsonencode\test\unit\Filter\GetIsHasMethodFilterTest.php" line="45" assertions="1" time="0.000099"/>
          <testcase name="itShouldExtractPropertyName with data set #2" class="Widi\JsonEncode\Filter\GetIsHasMethodFilterTest" classname="Widi.JsonEncode.Filter.GetIsHasMethodFilterTest" file="C:\Users\dirk.winkhaus\PhpstormProjects\widi-jsonencode\test\unit\Filter\GetIsHasMethodFilterTest.php" line="45" assertions="1" time="0.000158"/>
          <testcase name="itShouldExtractPropertyName with data set #3" class="Widi\JsonEncode\Filter\GetIsHasMethodFilterTest" classname="Widi.JsonEncode.Filter.GetIsHasMethodFilterTest" file="C:\Users\dirk.winkhaus\PhpstormProjects\widi-jsonencode\test\unit\Filter\GetIsHasMethodFilterTest.php" line="45" assertions="1" time="0.000092"/>
          <testcase name="itShouldExtractPropertyName with data set #4" class="Widi\JsonEncode\Filter\GetIsHasMethodFilterTest" classname="Widi.JsonEncode.Filter.GetIsHasMethodFilterTest" file="C:\Users\dirk.winkhaus\PhpstormProjects\widi-jsonencode\test\unit\Filter\GetIsHasMethodFilterTest.php" line="45" assertions="1" time="0.000087"/>
          <testcase name="itShouldExtractPropertyName with data set #5" class="Widi\JsonEncode\Filter\GetIsHasMethodFilterTest" classname="Widi.JsonEncode.Filter.GetIsHasMethodFilterTest" file="C:\Users\dirk.winkhaus\PhpstormProjects\widi-jsonencode\test\unit\Filter\GetIsHasMethodFilterTest.php" line="45" assertions="1" time="0.000089"/>
          <testcase name="itShouldExtractPropertyName with data set #6" class="Widi\JsonEncode\Filter\GetIsHasMethodFilterTest" classname="Widi.JsonEncode.Filter.GetIsHasMethodFilterTest" file="C:\Users\dirk.winkhaus\PhpstormProjects\widi-jsonencode\test\unit\Filter\GetIsHasMethodFilterTest.php" line="45" assertions="1" time="0.000083"/>
          <testcase name="itShouldExtractPropertyName with data set #7" class="Widi\JsonEncode\Filter\GetIsHasMethodFilterTest" classname="Widi.JsonEncode.Filter.GetIsHasMethodFilterTest" file="C:\Users\dirk.winkhaus\PhpstormProjects\widi-jsonencode\test\unit\Filter\GetIsHasMethodFilterTest.php" line="45" assertions="1" time="0.000173"/>
          <testcase name="itShouldExtractPropertyName with data set #8" class="Widi\JsonEncode\Filter\GetIsHasMethodFilterTest" classname="Widi.JsonEncode.Filter.GetIsHasMethodFilterTest" file="C:\Users\dirk.winkhaus\PhpstormProjects\widi-jsonencode\test\unit\Filter\GetIsHasMethodFilterTest.php" line="45" assertions="1" time="0.000087"/>
          <testcase name="itShouldExtractPropertyName with data set #9" class="Widi\JsonEncode\Filter\GetIsHasMethodFilterTest" classname="Widi.JsonEncode.Filter.GetIsHasMethodFilterTest" file="C:\Users\dirk.winkhaus\PhpstormProjects\widi-jsonencode\test\unit\Filter\GetIsHasMethodFilterTest.php" line="45" assertions="1" time="0.000080"/>
          <testcase name="itShouldExtractPropertyName with data set #10" class="Widi\JsonEncode\Filter\GetIsHasMethodFilterTest" classname="Widi.JsonEncode.Filter.GetIsHasMethodFilterTest" file="C:\Users\dirk.winkhaus\PhpstormProjects\widi-jsonencode\test\unit\Filter\GetIsHasMethodFilterTest.php" line="45" assertions="1" time="0.000100"/>
          <testcase name="itShouldExtractPropertyName with data set #11" class="Widi\JsonEncode\Filter\GetIsHasMethodFilterTest" classname="Widi.JsonEncode.Filter.GetIsHasMethodFilterTest" file="C:\Users\dirk.winkhaus\PhpstormProjects\widi-jsonencode\test\unit\Filter\GetIsHasMethodFilterTest.php" line="45" assertions="1" time="0.000127"/>
        </testsuite>
      </testsuite>
    </testsuite>
    <testsuite name="integration" tests="1" assertions="1" errors="0" failures="0" skipped="0" time="0.002978">
      <testsuite name="Widi\JsonEncode\JsonEncoderTest" file="C:\Users\dirk.winkhaus\PhpstormProjects\widi-jsonencode\test\integration\JsonEncoderTest.php" tests="1" assertions="1" errors="0" failures="0" skipped="0" time="0.002978">
        <testcase name="itShouldEncodeRecursiveObjectTree" class="Widi\JsonEncode\JsonEncoderTest" classname="Widi.JsonEncode.JsonEncoderTest" file="C:\Users\dirk.winkhaus\PhpstormProjects\widi-jsonencode\test\integration\JsonEncoderTest.php" line="16" assertions="1" time="0.002978"/>
      </testsuite>
    </testsuite>
  </testsuite>
</testsuites>
